I'm sorry, but errors were detected in your script. Please correct the
errors listed below, and try again.


File "game/locations/gym.rpy", line 48: if statement expects a non-empty block.
    if strength == 8 and ah2:
                             ^

File "game/locations/gym.rpy", line 51: if statement expects a non-empty block.
    if strength == 9 and ah3:
                             ^

File "game/locations/gym.rpy", line 54: if statement expects a non-empty block.
    if strength == 10 and ah4:
                              ^

Ren'Py Version: Ren'Py 8.2.0.24012702
Mon Feb 19 09:43:37 2024
